// Jest Snapshot v1, https://goo.gl/fbAQLP

exports[`Loader tests should render correctly + 1`] = `
<StyledComponent
  forwardedComponent={
    Object {
      "$$typeof": Symbol(react.forward_ref),
      "attrs": Array [],
      "componentStyle": ComponentStyle {
        "componentId": "sc-bdVaJa",
        "isStatic": false,
        "rules": Array [
          "
    border: 16px solid #f3f3f3; /* Light grey */
    border-top: 16px solid #3498db; /* Blue */
    border-radius: 50%;
    width: 120px;
    height: 120px;
    animation: ",
          Keyframes {
            "id": "sc-keyframes-iVXCSc",
            "inject": [Function],
            "name": "iVXCSc",
            "rules": Array [
              "@-webkit-keyframes iVXCSc{from{-webkit-transform:rotate(0deg);-ms-transform:rotate(0deg);transform:rotate(0deg);}to{-webkit-transform:rotate(360deg);-ms-transform:rotate(360deg);transform:rotate(360deg);}}",
              "@keyframes iVXCSc{from{-webkit-transform:rotate(0deg);-ms-transform:rotate(0deg);transform:rotate(0deg);}to{-webkit-transform:rotate(360deg);-ms-transform:rotate(360deg);transform:rotate(360deg);}}",
            ],
            "toString": [Function],
          },
          " 2s linear infinite;
",
        ],
      },
      "displayName": "styled.div",
      "foldedComponentIds": Array [],
      "render": [Function],
      "styledComponentId": "sc-bdVaJa",
      "target": "div",
      "toString": [Function],
      "usesTheme": false,
      "warnTooManyClasses": [Function],
      "withComponent": [Function],
    }
  }
  forwardedRef={null}
/>
`;
